../Core/Src/main.c:84:6:HAL_GPIO_EXTI_Callback	16	static
../Core/Src/main.c:96:6:TCS3200_Init	8	static
../Core/Src/main.c:101:6:TCS3200_SetFilter	16	static
../Core/Src/main.c:119:10:TCS3200_ReadFrequency	16	static
../Core/Src/main.c:131:9:NormalizeToRGB	24	static
../Core/Src/main.c:137:6:TCS3200_ReadRGB	40	static
../Core/Src/main.c:159:5:main	40	static
../Core/Src/main.c:225:6:SystemClock_Config	72	static
../Core/Src/main.c:264:13:MX_I2C1_Init	8	static
../Core/Src/main.c:298:13:MX_TIM2_Init	56	static
../Core/Src/main.c:350:13:MX_USART1_UART_Init	8	static
../Core/Src/main.c:383:13:MX_GPIO_Init	32	static
../Core/Src/main.c:424:6:Error_Handler	4	static,ignoring_inline_asm
