../Core/Src/main.c:79:6:TCS3200_Init	8	static
../Core/Src/main.c:84:6:TCS3200_SetFilter	16	static
../Core/Src/main.c:102:10:TCS3200_ReadFrequency	16	static
../Core/Src/main.c:114:9:NormalizeToRGB	24	static
../Core/Src/main.c:120:6:TCS3200_ReadRGB	40	static
../Core/Src/main.c:143:6:CheckAndStoreRGB	72	static
../Core/Src/main.c:193:5:main	40	static
../Core/Src/main.c:244:6:SystemClock_Config	72	static
../Core/Src/main.c:283:13:MX_I2C1_Init	8	static
../Core/Src/main.c:317:13:MX_TIM2_Init	56	static
../Core/Src/main.c:369:13:MX_USART1_UART_Init	8	static
../Core/Src/main.c:402:13:MX_GPIO_Init	32	static
../Core/Src/main.c:443:6:Error_Handler	4	static,ignoring_inline_asm
